// Jest Snapshot v1, https://goo.gl/fbAQLP

exports[`App does not explode 1`] = `
<RCTSafeAreaView
  emulateUnlessSupported={true}
>
  <RCTScrollView>
    <View>
      <View
        style={
          Object {
            "padding": 20,
          }
        }
      >
        <Text
          style={
            Object {
              "fontSize": 30,
              "fontWeight": "bold",
            }
          }
        >
          Identifiers
        </Text>
        <View
          style={
            Object {
              "marginBottom": 50,
              "marginTop": 20,
            }
          }
        >
          <Text>
            No identifiers created yet
          </Text>
        </View>
        <View
          accessibilityRole="button"
          accessible={true}
          collapsable={false}
          focusable={true}
          nativeID="animatedComponent"
          onClick={[Function]}
          onResponderGrant={[Function]}
          onResponderMove={[Function]}
          onResponderRelease={[Function]}
          onResponderTerminate={[Function]}
          onResponderTerminationRequest={[Function]}
          onStartShouldSetResponder={[Function]}
          style={
            Object {
              "opacity": 1,
            }
          }
        >
          <View
            style={
              Array [
                Object {},
              ]
            }
          >
            <Text
              style={
                Array [
                  Object {
                    "color": "#007AFF",
                    "fontSize": 18,
                    "margin": 8,
                    "textAlign": "center",
                  },
                ]
              }
            >
              Create Identifier
            </Text>
          </View>
        </View>
      </View>
    </View>
  </RCTScrollView>
</RCTSafeAreaView>
`;
